// Jest Snapshot v1, https://goo.gl/fbAQLP

exports[`App renders header, footer and switch components 1`] = `
<BrowserRouter>
  <div
    className="App"
  >
    <AppHeader />
    <div
      className="AppContent"
    >
      <Switch>
        <Route
          component={[Function]}
          exact={true}
          path="/"
        />
        <Route
          component={[Function]}
          path="/puzzle/:difficultyLevel(test|easy|medium|hard)"
        />
        <Route
          component={[Function]}
        />
      </Switch>
    </div>
    <AppFooter />
  </div>
</BrowserRouter>
`;
